[www.zerofibres.nz/index.html]
[backblue.gif]
[fade.gif]
[index.html]
[www.zerofibres.nz/static/images/favicon.png]
[www.zerofibres.nz/static/images/touch-icon.png]
[cdnjs.cloudflare.com/ajax/libs/normalize/3.0.0/normalize.min.css]
[netdna.bootstrapcdn.com/font-awesome/4.4.0/css/font-awesome.min.css]
[www.zerofibres.nz/blog/new-asbestos-legislations-come-into-law/index.html]
[cdnjs.cloudflare.com/ajax/libs/modernizr/2.7.1/modernizr.min.js]
[www.zerofibres.nz/blog/new-legislation-passed/index.html]
[ajax.googleapis.com/ajax/libs/jquery/1.11.0/jquery.min.js]
[www.zerofibres.nz/blog/wittenoom-western-australias-forgotten-town/index.html]
[cdnjs.cloudflare.com/ajax/libs/jquery/2.0.3/jquery.min.js]
[www.zerofibres.nz/static/js/046ba2b5.bootstrap.min.js]
[www.zerofibres.nz/static/js/e9dad1b6.jquery.singlePageNav.js]
[www.zerofibres.nz/static/js/01b07ae0.main.js]
[www.zerofibres.nz/static/js/088b2202.wow.min.js]
[www.zerofibres.nz/static/js/5eab1a82.waypoints.min.js]
[www.zerofibres.nz/static/js/67d846dd.waypoints-vp.js]
[www.zerofibres.nz/index.html]
[www.googletagmanager.com/gtm5445.html]
[cdnjs.cloudflare.com/ajax/libs/normalize/3.0.0/normalize.min.css]
[www.zerofibres.nz/static/fonts/glyphicons-halflings-regular.eot]
[www.zerofibres.nz/static/fonts/glyphicons-halflings-regulard41d.eot]
[www.zerofibres.nz/static/fonts/glyphicons-halflings-regular.woff2]
[www.zerofibres.nz/static/fonts/glyphicons-halflings-regular.woff]
[www.zerofibres.nz/static/fonts/glyphicons-halflings-regular.ttf]
[www.zerofibres.nz/static/fonts/glyphicons-halflings-regular.svg]
[www.zerofibres.nz/static/css/fe93f462.minified.css]
[netdna.bootstrapcdn.com/font-awesome/4.4.0/css/font-awesome.min.css]
[www.zerofibres.nz/blog/new-asbestos-legislations-come-into-law/index.html]
[www.zerofibres.nz/blog/new-legislation-passed/index.html]
[www.zerofibres.nz/webhook-uploads/1441694879641/IMG_3365.jpg]
[www.zerofibres.nz/blog/wittenoom-western-australias-forgotten-town/index.html]
[www.zerofibres.nz/static/javascript/d41d8cd9.minified.js]
[www.zerofibres.nz/static/fonts/glyphicons-halflings-regular.html]
[www.zerofibres.nz/static/fonts/glyphicons-halflings-regulard41d.html]
[www.zerofibres.nz/static/fonts/glyphicons-halflings-regular-2.html]
[www.zerofibres.nz/static/fonts/glyphicons-halflings-regular-3.html]
[www.zerofibres.nz/static/fonts/glyphicons-halflings-regular-4.html]
[www.zerofibres.nz/static/fonts/glyphicons-halflings-regular-5.html]
